
> citasmedicas@0.1.0 build
> next build

node.exe : [baseline-browser-mapping] The data in this module is over 
two months old.  To ensure accurate Baseline data, please update: `npm 
i baseline-browser-mapping@latest -D`
En línea: 1 Carácter: 1
+ & "C:\Program Files\nodejs/node.exe" 
"C:\Users\FATIMA\AppData\Roaming ...
+ ~~~~~~~~~~~~~~~~~~~~~~~~~~~~~~~~~~~~~~~~~~~~~~~~~~~~~~~~~~~~~~~~~~~~~
    + CategoryInfo          : NotSpecified: ([baseline-brows...ping@la 
   test -D`:String) [], RemoteException
    + FullyQualifiedErrorId : NativeCommandError
 
 ÔÜá Warning: Next.js inferred your workspace root, but it may not be 
correct.
 We detected multiple lockfiles and selected the directory of 
C:\Users\FATIMA\package-lock.json as the root directory.
 To silence this warning, set `turbopack.root` in your Next.js config, 
or consider removing one of the lockfiles if it's not needed.
   See https://nextjs.org/docs/app/api-reference/config/next-config-js/
turbopack#root-directory for more information.
 Detected additional lockfiles: 
   * C:\Users\FATIMA\SANTOS\Portafolio\citasmedicas\package-lock.json

   Ôû▓ Next.js 16.0.1 (Turbopack)
   - Environments: .env

 ÔÜá The "middleware" file convention is deprecated. Please use 
"proxy" instead. Learn more: 
https://nextjs.org/docs/messages/middleware-to-proxy
   Creating an optimized production build ...
[baseline-browser-mapping] The data in this module is over two months 
old.  To ensure accurate Baseline data, please update: `npm i 
baseline-browser-mapping@latest -D`
 Ô£ô Compiled successfully in 12.3s
   Running TypeScript ...
   Collecting page data ...
[baseline-browser-mapping] The data in this module is over two months 
old.  To ensure accurate Baseline data, please update: `npm i 
baseline-browser-mapping@latest -D`
[baseline-browser-mapping] The data in this module is over two months 
old.  To ensure accurate Baseline data, please update: `npm i 
baseline-browser-mapping@latest -D`
[baseline-browser-mapping] The data in this module is over two months 
old.  To ensure accurate Baseline data, please update: `npm i 
baseline-browser-mapping@latest -D`
[baseline-browser-mapping] The data in this module is over two months 
old.  To ensure accurate Baseline data, please update: `npm i 
baseline-browser-mapping@latest -D`
[baseline-browser-mapping] The data in this module is over two months 
old.  To ensure accurate Baseline data, please update: `npm i 
baseline-browser-mapping@latest -D`
[baseline-browser-mapping] The data in this module is over two months 
old.  To ensure accurate Baseline data, please update: `npm i 
baseline-browser-mapping@latest -D`
[baseline-browser-mapping] The data in this module is over two months 
old.  To ensure accurate Baseline data, please update: `npm i 
baseline-browser-mapping@latest -D`
ÔÜá´©Å Supabase Admin no se inicializ├│: Faltan variables de entorno 
(SUPABASE_SERVICE_ROLE_KEY).
ÔÜá´©Å Supabase Admin no se inicializ├│: Faltan variables de entorno 
(SUPABASE_SERVICE_ROLE_KEY).
   Generating static pages (0/23) ...
[baseline-browser-mapping] The data in this module is over two months 
old.  To ensure accurate Baseline data, please update: `npm i 
baseline-browser-mapping@latest -D`
 Ô¿» useSearchParams() should be wrapped in a suspense boundary at 
page "/admin/citas/historia". Read more: 
https://nextjs.org/docs/messages/missing-suspense-with-csr-bailout
    at S (C:\Users\FATIMA\SANTOS\Portafolio\citasmedicas\.next\server\c
hunks\ssr\ac98d_4f3f468b._.js:2:2111)
    at p (C:\Users\FATIMA\SANTOS\Portafolio\citasmedicas\.next\server\c
hunks\ssr\ac98d_4f3f468b._.js:4:4843)
    at C:\Users\FATIMA\SANTOS\Portafolio\citasmedicas\.next\server\chun
ks\ssr\[root-of-the-server]__be147e7e._.js:1:5564
    at ir (C:\Users\FATIMA\SANTOS\Portafolio\citasmedicas\node_modules\
next\dist\compiled\next-server\app-page-turbo.runtime.prod.js:2:84433)
    at ia (C:\Users\FATIMA\SANTOS\Portafolio\citasmedicas\node_modules\
next\dist\compiled\next-server\app-page-turbo.runtime.prod.js:2:86252)
    at il (C:\Users\FATIMA\SANTOS\Portafolio\citasmedicas\node_modules\
next\dist\compiled\next-server\app-page-turbo.runtime.prod.js:2:107981)
    at is (C:\Users\FATIMA\SANTOS\Portafolio\citasmedicas\node_modules\
next\dist\compiled\next-server\app-page-turbo.runtime.prod.js:2:105399)
    at ig (C:\Users\FATIMA\SANTOS\Portafolio\citasmedicas\node_modules\
next\dist\compiled\next-server\app-page-turbo.runtime.prod.js:2:112864)
    at iu (C:\Users\FATIMA\SANTOS\Portafolio\citasmedicas\node_modules\
next\dist\compiled\next-server\app-page-turbo.runtime.prod.js:2:110013)
    at il (C:\Users\FATIMA\SANTOS\Portafolio\citasmedicas\node_modules\
next\dist\compiled\next-server\app-page-turbo.runtime.prod.js:2:108259)
Error occurred prerendering page "/admin/citas/historia". Read more: 
https://nextjs.org/docs/messages/prerender-error
Export encountered an error on /admin/citas/historia/page: 
/admin/citas/historia, exiting the build.
 Ô¿» Next.js build worker exited with code: 1 and signal: null
